   1               		.file	"lab2a.c"
   2               	__SREG__ = 0x3f
   3               	__SP_H__ = 0x3e
   4               	__SP_L__ = 0x3d
   5               	__CCP__  = 0x34
   6               	__tmp_reg__ = 0
   7               	__zero_reg__ = 1
  15               	.Ltext0:
  16               	.global	main
  18               	main:
  19               	.LFB6:
  20               	.LM1:
  21               	/* prologue: function */
  22               	/* frame size = 0 */
  23               	.LM2:
  24 0000 9CEF      		ldi r25,lo8(-4)
  25 0002 9AB9      		out 42-32,r25
  26               	.LM3:
  27 0004 83E0      		ldi r24,lo8(3)
  28 0006 84B9      		out 36-32,r24
  29               	.LM4:
  30 0008 9BB9      		out 43-32,r25
  31               	.LM5:
  32 000a 85B9      		out 37-32,r24
  33               	.LM6:
  34 000c 80E0      		ldi r24,lo8(0)
  35 000e 90E0      		ldi r25,hi8(0)
  36               	/* epilogue start */
  37 0010 0895      		ret
  38               	.LFE6:
  64               	.Letext0:
DEFINED SYMBOLS
                            *ABS*:00000000 lab2a.c
C:\Users\Khoa\AppData\Local\Temp/ccerZwlc.s:2      *ABS*:0000003f __SREG__
C:\Users\Khoa\AppData\Local\Temp/ccerZwlc.s:3      *ABS*:0000003e __SP_H__
C:\Users\Khoa\AppData\Local\Temp/ccerZwlc.s:4      *ABS*:0000003d __SP_L__
C:\Users\Khoa\AppData\Local\Temp/ccerZwlc.s:5      *ABS*:00000034 __CCP__
C:\Users\Khoa\AppData\Local\Temp/ccerZwlc.s:6      *ABS*:00000000 __tmp_reg__
C:\Users\Khoa\AppData\Local\Temp/ccerZwlc.s:7      *ABS*:00000001 __zero_reg__
C:\Users\Khoa\AppData\Local\Temp/ccerZwlc.s:18     .text:00000000 main

NO UNDEFINED SYMBOLS
